📁 Output directory: /Users/mvanhorn/last30days-skill-private/docs/test-results/v1-vs-v2-20260206-231338

📦 Backing up current V2 SKILL.md...
📥 Installing V1 SKILL.md from upstream...
  ✅ V1 installed (stripped: context:fork, agent:Explore, disable-model-invocation)

==========================================
  Running V1 — 17 queries
==========================================

[V1] (1/17) prompting techniques for chatgpt for legal questions [PROMPTING+TOOL]
